// Jest Snapshot v1, https://goo.gl/fbAQLP

exports[`Checkout renders correctly 1`] = `
<div>
  <form
    onSubmit={[Function]}
  >
    <div />
    <button
      disable={true}
    >
       Buy it 
    </button>
  </form>
</div>
`;
